INFO: kbplacer_plugin_action.py:70: Plugin version: 0.14
INFO: kbplacer_plugin_action.py:71: Python version: '3.11.5 (main, Dec 24 2024, 05:27:06) [MSC v.1942 64 bit (AMD64)]'
INFO: kbplacer_plugin_action.py:72: KiCad version: 8.0.8 with 4.2.2 msw (phoenix) wxWidgets 3.2.6
INFO: kbplacer_dialog.py:631: Language: en
INFO: kbplacer_plugin_action.py:80: GUI state: {"layout_path": "D:\\1FIKOZ\\keyboard-design\\commish\\stenograph\\steno.json", "key_distance": [19.05, 19.05], "key_info": {"annotation_format": "SW{}", "position_option": "Default", "position": {"x": 0.0, "y": 0.0, "orientation": 0.0, "side": "Front"}, "template_path": ""}, "enable_diode_placement": true, "route_switches_with_diodes": false, "optimize_diodes_orientation": true, "diode_info": {"annotation_format": "D{}", "position_option": "Relative", "position": null, "template_path": ""}, "additional_elements": [{"annotation_format": "ST{}", "position_option": "Custom", "position": {"x": 0.0, "y": 0.0, "orientation": 0.0, "side": "Front"}, "template_path": ""}], "route_rows_and_columns": false, "template_path": "", "generate_outline": false, "outline_delta": 0.0}
DEBUG: key_placer.py:424: Set key 1U distance: 19050000/19050000
DEBUG: key_placer.py:141: Switches by nets: defaultdict(<class 'list'>, {frozenset({'Col7', 'Row2'}): ['SW26'], frozenset({'Row2', 'Col6'}): ['SW25'], frozenset({'Row2', 'Col5'}): ['SW24'], frozenset({'Col4', 'Row2'}): ['SW23'], frozenset({'Col3', 'Row2'}): ['SW22'], frozenset({'Col2', 'Row2'}): ['SW21'], frozenset({'Col9', 'Row1'}): ['SW20'], frozenset({'Row1', 'Col8'}): ['SW19'], frozenset({'Col7', 'Row1'}): ['SW18'], frozenset({'Row1', 'Col6'}): ['SW17'], frozenset({'Row1', 'Col5'}): ['SW16'], frozenset({'Col4', 'Row1'}): ['SW15'], frozenset({'Col3', 'Row1'}): ['SW14'], frozenset({'Col2', 'Row1'}): ['SW13'], frozenset({'Col1', 'Row1'}): ['SW12'], frozenset({'Col0', 'Row1'}): ['SW11'], frozenset({'Col9', 'Row0'}): ['SW10'], frozenset({'Row0', 'Col8'}): ['SW9'], frozenset({'Row0', 'Col7'}): ['SW8'], frozenset({'Row0', 'Col6'}): ['SW7'], frozenset({'Row0', 'Col5'}): ['SW6'], frozenset({'Col4', 'Row0'}): ['SW5'], frozenset({'Col3', 'Row0'}): ['SW4'], frozenset({'Col2', 'Row0'}): ['SW3'], frozenset({'Col1', 'Row0'}): ['SW2'], frozenset({'Col0', 'Row0'}): ['SW1']})
DEBUG: key_placer.py:145: Diodes by switch: {'SW26': ['D26'], 'SW25': ['D25'], 'SW24': ['D24'], 'SW23': ['D23'], 'SW22': ['D22'], 'SW21': ['D21'], 'SW20': ['D20'], 'SW19': ['D19'], 'SW18': ['D18'], 'SW17': ['D17'], 'SW16': ['D16'], 'SW15': ['D15'], 'SW14': ['D14'], 'SW13': ['D13'], 'SW12': ['D12'], 'SW11': ['D11'], 'SW10': ['D10'], 'SW9': ['D9'], 'SW8': ['D8'], 'SW7': ['D7'], 'SW6': ['D6'], 'SW5': ['D5'], 'SW4': ['D4'], 'SW3': ['D3'], 'SW2': ['D2'], 'SW1': ['D1']}
DEBUG: board_modifier.py:73: Searching for SW1 footprint in D:\1FIKOZ\keyboard-design\commish\stenograph\stenograph.kicad_pcb
INFO: key_placer.py:620: Looking for connection template between SW1 and other elements
DEBUG: board_modifier.py:107: Getting SW1 footprint position: (27350000, 28850000)
INFO: key_placer.py:664: Got connection template: 
DEBUG: key_placer.py:141: Switches by nets: defaultdict(<class 'list'>, {frozenset({'Col7', 'Row2'}): ['SW26'], frozenset({'Row2', 'Col6'}): ['SW25'], frozenset({'Row2', 'Col5'}): ['SW24'], frozenset({'Col4', 'Row2'}): ['SW23'], frozenset({'Col3', 'Row2'}): ['SW22'], frozenset({'Col2', 'Row2'}): ['SW21'], frozenset({'Col9', 'Row1'}): ['SW20'], frozenset({'Row1', 'Col8'}): ['SW19'], frozenset({'Col7', 'Row1'}): ['SW18'], frozenset({'Row1', 'Col6'}): ['SW17'], frozenset({'Row1', 'Col5'}): ['SW16'], frozenset({'Col4', 'Row1'}): ['SW15'], frozenset({'Col3', 'Row1'}): ['SW14'], frozenset({'Col2', 'Row1'}): ['SW13'], frozenset({'Col1', 'Row1'}): ['SW12'], frozenset({'Col0', 'Row1'}): ['SW11'], frozenset({'Col9', 'Row0'}): ['SW10'], frozenset({'Row0', 'Col8'}): ['SW9'], frozenset({'Row0', 'Col7'}): ['SW8'], frozenset({'Row0', 'Col6'}): ['SW7'], frozenset({'Row0', 'Col5'}): ['SW6'], frozenset({'Col4', 'Row0'}): ['SW5'], frozenset({'Col3', 'Row0'}): ['SW4'], frozenset({'Col2', 'Row0'}): ['SW3'], frozenset({'Col1', 'Row0'}): ['SW2'], frozenset({'Col0', 'Row0'}): ['SW1']})
DEBUG: key_placer.py:145: Diodes by switch: {'SW26': ['D26'], 'SW25': ['D25'], 'SW24': ['D24'], 'SW23': ['D23'], 'SW22': ['D22'], 'SW21': ['D21'], 'SW20': ['D20'], 'SW19': ['D19'], 'SW18': ['D18'], 'SW17': ['D17'], 'SW16': ['D16'], 'SW15': ['D15'], 'SW14': ['D14'], 'SW13': ['D13'], 'SW12': ['D12'], 'SW11': ['D11'], 'SW10': ['D10'], 'SW9': ['D9'], 'SW8': ['D8'], 'SW7': ['D7'], 'SW6': ['D6'], 'SW5': ['D5'], 'SW4': ['D4'], 'SW3': ['D3'], 'SW2': ['D2'], 'SW1': ['D1']}
DEBUG: board_modifier.py:107: Getting SW1 footprint position: (27350000, 28850000)
DEBUG: board_modifier.py:107: Getting D1 footprint position: (22950000, 34600000)
INFO: key_placer.py:979: Element info updated: ElementInfo(annotation_format='D{}', position_option=<PositionOption.RELATIVE: 'Relative'>, position=ElementPosition(x=-4.4, y=5.75, orientation=0.0, side=<Side.FRONT: 'Front'>), template_path='')
INFO: kle_serial.py:931: User layout: [[{'a': 7}, '', '', '', '', '', {'x': 2}, '', '', '', '', ''], ['', '', '', '', '', {'x': 2}, '', '', '', '', ''], [{'y': 1, 'x': 2}, '', '', '', {'x': 2}, '', '', '']]
DEBUG: key_placer.py:724: Layout offset: (28575000, 28575000)
DEBUG: kle_serial.py:990: Layout with: x_ortholinear_keys=26, y_ortholinear_keys=26, rotated_keys=0, encoders=0, iso_enters=0 and unrecognized_shape_keys=0
DEBUG: kle_serial.py:1015: Layout tagged: [<KeyboardTag.ORTHOLINEAR: 1>]
DEBUG: board_modifier.py:94: Setting SW1 footprint position: (38100000, 38100000)
DEBUG: board_modifier.py:94: Setting SW2 footprint position: (57150000, 38100000)
DEBUG: board_modifier.py:94: Setting SW3 footprint position: (76200000, 38100000)
DEBUG: board_modifier.py:94: Setting SW4 footprint position: (95250000, 38100000)
DEBUG: board_modifier.py:94: Setting SW5 footprint position: (114300000, 38100000)
DEBUG: board_modifier.py:94: Setting SW6 footprint position: (171450000, 38100000)
DEBUG: board_modifier.py:94: Setting SW7 footprint position: (190500000, 38100000)
DEBUG: board_modifier.py:94: Setting SW8 footprint position: (209550000, 38100000)
DEBUG: board_modifier.py:94: Setting SW9 footprint position: (228600000, 38100000)
DEBUG: board_modifier.py:94: Setting SW10 footprint position: (247650000, 38100000)
DEBUG: board_modifier.py:94: Setting SW11 footprint position: (38100000, 57150000)
DEBUG: board_modifier.py:94: Setting SW12 footprint position: (57150000, 57150000)
DEBUG: board_modifier.py:94: Setting SW13 footprint position: (76200000, 57150000)
DEBUG: board_modifier.py:94: Setting SW14 footprint position: (95250000, 57150000)
DEBUG: board_modifier.py:94: Setting SW15 footprint position: (114300000, 57150000)
DEBUG: board_modifier.py:94: Setting SW16 footprint position: (171450000, 57150000)
DEBUG: board_modifier.py:94: Setting SW17 footprint position: (190500000, 57150000)
DEBUG: board_modifier.py:94: Setting SW18 footprint position: (209550000, 57150000)
DEBUG: board_modifier.py:94: Setting SW19 footprint position: (228600000, 57150000)
DEBUG: board_modifier.py:94: Setting SW20 footprint position: (247650000, 57150000)
DEBUG: board_modifier.py:94: Setting SW21 footprint position: (76200000, 95250000)
DEBUG: board_modifier.py:94: Setting SW22 footprint position: (95250000, 95250000)
DEBUG: board_modifier.py:94: Setting SW23 footprint position: (114300000, 95250000)
DEBUG: board_modifier.py:94: Setting SW24 footprint position: (171450000, 95250000)
DEBUG: board_modifier.py:94: Setting SW25 footprint position: (190500000, 95250000)
DEBUG: board_modifier.py:94: Setting SW26 footprint position: (209550000, 95250000)
INFO: key_placer.py:1078: Diode info: [ElementInfo(annotation_format='D{}', position_option=<PositionOption.RELATIVE: 'Relative'>, position=ElementPosition(x=-4.4, y=5.75, orientation=0.0, side=<Side.FRONT: 'Front'>), template_path='')]
DEBUG: board_modifier.py:107: Getting SW1 footprint position: (38100000, 38100000)
DEBUG: board_modifier.py:94: Setting D1 footprint position: (33700000, 43850000)
DEBUG: board_modifier.py:107: Getting SW2 footprint position: (57150000, 38100000)
DEBUG: board_modifier.py:94: Setting D2 footprint position: (52750000, 43850000)
DEBUG: board_modifier.py:107: Getting SW3 footprint position: (76200000, 38100000)
DEBUG: board_modifier.py:94: Setting D3 footprint position: (71800000, 43850000)
DEBUG: board_modifier.py:107: Getting SW4 footprint position: (95250000, 38100000)
DEBUG: board_modifier.py:94: Setting D4 footprint position: (90850000, 43850000)
DEBUG: board_modifier.py:107: Getting SW5 footprint position: (114300000, 38100000)
DEBUG: board_modifier.py:94: Setting D5 footprint position: (109900000, 43850000)
DEBUG: board_modifier.py:107: Getting SW6 footprint position: (171450000, 38100000)
DEBUG: board_modifier.py:94: Setting D6 footprint position: (167050000, 43850000)
DEBUG: board_modifier.py:107: Getting SW7 footprint position: (190500000, 38100000)
DEBUG: board_modifier.py:94: Setting D7 footprint position: (186100000, 43850000)
DEBUG: board_modifier.py:107: Getting SW8 footprint position: (209550000, 38100000)
DEBUG: board_modifier.py:94: Setting D8 footprint position: (205150000, 43850000)
DEBUG: board_modifier.py:107: Getting SW9 footprint position: (228600000, 38100000)
DEBUG: board_modifier.py:94: Setting D9 footprint position: (224200000, 43850000)
DEBUG: board_modifier.py:107: Getting SW10 footprint position: (247650000, 38100000)
DEBUG: board_modifier.py:94: Setting D10 footprint position: (243250000, 43850000)
DEBUG: board_modifier.py:107: Getting SW11 footprint position: (38100000, 57150000)
DEBUG: board_modifier.py:94: Setting D11 footprint position: (33700000, 62900000)
DEBUG: board_modifier.py:107: Getting SW12 footprint position: (57150000, 57150000)
DEBUG: board_modifier.py:94: Setting D12 footprint position: (52750000, 62900000)
DEBUG: board_modifier.py:107: Getting SW13 footprint position: (76200000, 57150000)
DEBUG: board_modifier.py:94: Setting D13 footprint position: (71800000, 62900000)
DEBUG: board_modifier.py:107: Getting SW14 footprint position: (95250000, 57150000)
DEBUG: board_modifier.py:94: Setting D14 footprint position: (90850000, 62900000)
DEBUG: board_modifier.py:107: Getting SW15 footprint position: (114300000, 57150000)
DEBUG: board_modifier.py:94: Setting D15 footprint position: (109900000, 62900000)
DEBUG: board_modifier.py:107: Getting SW16 footprint position: (171450000, 57150000)
DEBUG: board_modifier.py:94: Setting D16 footprint position: (167050000, 62900000)
DEBUG: board_modifier.py:107: Getting SW17 footprint position: (190500000, 57150000)
DEBUG: board_modifier.py:94: Setting D17 footprint position: (186100000, 62900000)
DEBUG: board_modifier.py:107: Getting SW18 footprint position: (209550000, 57150000)
DEBUG: board_modifier.py:94: Setting D18 footprint position: (205150000, 62900000)
DEBUG: board_modifier.py:107: Getting SW19 footprint position: (228600000, 57150000)
DEBUG: board_modifier.py:94: Setting D19 footprint position: (224200000, 62900000)
DEBUG: board_modifier.py:107: Getting SW20 footprint position: (247650000, 57150000)
DEBUG: board_modifier.py:94: Setting D20 footprint position: (243250000, 62900000)
DEBUG: board_modifier.py:107: Getting SW21 footprint position: (76200000, 95250000)
DEBUG: board_modifier.py:94: Setting D21 footprint position: (71800000, 101000000)
DEBUG: board_modifier.py:107: Getting SW22 footprint position: (95250000, 95250000)
DEBUG: board_modifier.py:94: Setting D22 footprint position: (90850000, 101000000)
DEBUG: board_modifier.py:107: Getting SW23 footprint position: (114300000, 95250000)
DEBUG: board_modifier.py:94: Setting D23 footprint position: (109900000, 101000000)
DEBUG: board_modifier.py:107: Getting SW24 footprint position: (171450000, 95250000)
DEBUG: board_modifier.py:94: Setting D24 footprint position: (167050000, 101000000)
DEBUG: board_modifier.py:107: Getting SW25 footprint position: (190500000, 95250000)
DEBUG: board_modifier.py:94: Setting D25 footprint position: (186100000, 101000000)
DEBUG: board_modifier.py:107: Getting SW26 footprint position: (209550000, 95250000)
DEBUG: board_modifier.py:94: Setting D26 footprint position: (205150000, 101000000)
DEBUG: key_placer.py:826: Optimizing orientation of SW1 diodes
DEBUG: board_modifier.py:107: Getting D1 footprint position: (33700000, 43850000)
DEBUG: key_placer.py:826: Optimizing orientation of SW2 diodes
DEBUG: board_modifier.py:107: Getting D2 footprint position: (52750000, 43850000)
DEBUG: key_placer.py:826: Optimizing orientation of SW3 diodes
DEBUG: board_modifier.py:107: Getting D3 footprint position: (71800000, 43850000)
DEBUG: key_placer.py:826: Optimizing orientation of SW4 diodes
DEBUG: board_modifier.py:107: Getting D4 footprint position: (90850000, 43850000)
DEBUG: key_placer.py:826: Optimizing orientation of SW5 diodes
DEBUG: board_modifier.py:107: Getting D5 footprint position: (109900000, 43850000)
DEBUG: key_placer.py:826: Optimizing orientation of SW6 diodes
DEBUG: board_modifier.py:107: Getting D6 footprint position: (167050000, 43850000)
DEBUG: key_placer.py:826: Optimizing orientation of SW7 diodes
DEBUG: board_modifier.py:107: Getting D7 footprint position: (186100000, 43850000)
DEBUG: key_placer.py:826: Optimizing orientation of SW8 diodes
DEBUG: board_modifier.py:107: Getting D8 footprint position: (205150000, 43850000)
DEBUG: key_placer.py:826: Optimizing orientation of SW9 diodes
DEBUG: board_modifier.py:107: Getting D9 footprint position: (224200000, 43850000)
DEBUG: key_placer.py:826: Optimizing orientation of SW10 diodes
DEBUG: board_modifier.py:107: Getting D10 footprint position: (243250000, 43850000)
DEBUG: key_placer.py:826: Optimizing orientation of SW11 diodes
DEBUG: board_modifier.py:107: Getting D11 footprint position: (33700000, 62900000)
DEBUG: key_placer.py:826: Optimizing orientation of SW12 diodes
DEBUG: board_modifier.py:107: Getting D12 footprint position: (52750000, 62900000)
DEBUG: key_placer.py:826: Optimizing orientation of SW13 diodes
DEBUG: board_modifier.py:107: Getting D13 footprint position: (71800000, 62900000)
DEBUG: key_placer.py:826: Optimizing orientation of SW14 diodes
DEBUG: board_modifier.py:107: Getting D14 footprint position: (90850000, 62900000)
DEBUG: key_placer.py:826: Optimizing orientation of SW15 diodes
DEBUG: board_modifier.py:107: Getting D15 footprint position: (109900000, 62900000)
DEBUG: key_placer.py:826: Optimizing orientation of SW16 diodes
DEBUG: board_modifier.py:107: Getting D16 footprint position: (167050000, 62900000)
DEBUG: key_placer.py:826: Optimizing orientation of SW17 diodes
DEBUG: board_modifier.py:107: Getting D17 footprint position: (186100000, 62900000)
DEBUG: key_placer.py:826: Optimizing orientation of SW18 diodes
DEBUG: board_modifier.py:107: Getting D18 footprint position: (205150000, 62900000)
DEBUG: key_placer.py:826: Optimizing orientation of SW19 diodes
DEBUG: board_modifier.py:107: Getting D19 footprint position: (224200000, 62900000)
DEBUG: key_placer.py:826: Optimizing orientation of SW20 diodes
DEBUG: board_modifier.py:107: Getting D20 footprint position: (243250000, 62900000)
DEBUG: key_placer.py:826: Optimizing orientation of SW21 diodes
DEBUG: board_modifier.py:107: Getting D21 footprint position: (71800000, 101000000)
DEBUG: key_placer.py:826: Optimizing orientation of SW22 diodes
DEBUG: board_modifier.py:107: Getting D22 footprint position: (90850000, 101000000)
DEBUG: key_placer.py:826: Optimizing orientation of SW23 diodes
DEBUG: board_modifier.py:107: Getting D23 footprint position: (109900000, 101000000)
DEBUG: key_placer.py:826: Optimizing orientation of SW24 diodes
DEBUG: board_modifier.py:107: Getting D24 footprint position: (167050000, 101000000)
DEBUG: key_placer.py:826: Optimizing orientation of SW25 diodes
DEBUG: board_modifier.py:107: Getting D25 footprint position: (186100000, 101000000)
DEBUG: key_placer.py:826: Optimizing orientation of SW26 diodes
DEBUG: board_modifier.py:107: Getting D26 footprint position: (205150000, 101000000)
DEBUG: key_placer.py:854: Placing additional elements for SW26
DEBUG: board_modifier.py:107: Getting SW26 footprint position: (209550000, 95250000)
DEBUG: board_modifier.py:84: Searching for optional ST26 footprint in D:\1FIKOZ\keyboard-design\commish\stenograph\stenograph.kicad_pcb
DEBUG: board_modifier.py:89: Footprint not found
DEBUG: key_placer.py:854: Placing additional elements for SW25
DEBUG: board_modifier.py:107: Getting SW25 footprint position: (190500000, 95250000)
DEBUG: board_modifier.py:84: Searching for optional ST25 footprint in D:\1FIKOZ\keyboard-design\commish\stenograph\stenograph.kicad_pcb
DEBUG: board_modifier.py:89: Footprint not found
DEBUG: key_placer.py:854: Placing additional elements for SW24
DEBUG: board_modifier.py:107: Getting SW24 footprint position: (171450000, 95250000)
DEBUG: board_modifier.py:84: Searching for optional ST24 footprint in D:\1FIKOZ\keyboard-design\commish\stenograph\stenograph.kicad_pcb
DEBUG: board_modifier.py:89: Footprint not found
DEBUG: key_placer.py:854: Placing additional elements for SW23
DEBUG: board_modifier.py:107: Getting SW23 footprint position: (114300000, 95250000)
DEBUG: board_modifier.py:84: Searching for optional ST23 footprint in D:\1FIKOZ\keyboard-design\commish\stenograph\stenograph.kicad_pcb
DEBUG: board_modifier.py:89: Footprint not found
DEBUG: key_placer.py:854: Placing additional elements for SW22
DEBUG: board_modifier.py:107: Getting SW22 footprint position: (95250000, 95250000)
DEBUG: board_modifier.py:84: Searching for optional ST22 footprint in D:\1FIKOZ\keyboard-design\commish\stenograph\stenograph.kicad_pcb
DEBUG: board_modifier.py:89: Footprint not found
DEBUG: key_placer.py:854: Placing additional elements for SW21
DEBUG: board_modifier.py:107: Getting SW21 footprint position: (76200000, 95250000)
DEBUG: board_modifier.py:84: Searching for optional ST21 footprint in D:\1FIKOZ\keyboard-design\commish\stenograph\stenograph.kicad_pcb
DEBUG: board_modifier.py:89: Footprint not found
DEBUG: key_placer.py:854: Placing additional elements for SW20
DEBUG: board_modifier.py:107: Getting SW20 footprint position: (247650000, 57150000)
DEBUG: board_modifier.py:84: Searching for optional ST20 footprint in D:\1FIKOZ\keyboard-design\commish\stenograph\stenograph.kicad_pcb
DEBUG: board_modifier.py:89: Footprint not found
DEBUG: key_placer.py:854: Placing additional elements for SW19
DEBUG: board_modifier.py:107: Getting SW19 footprint position: (228600000, 57150000)
DEBUG: board_modifier.py:84: Searching for optional ST19 footprint in D:\1FIKOZ\keyboard-design\commish\stenograph\stenograph.kicad_pcb
DEBUG: board_modifier.py:89: Footprint not found
DEBUG: key_placer.py:854: Placing additional elements for SW18
DEBUG: board_modifier.py:107: Getting SW18 footprint position: (209550000, 57150000)
DEBUG: board_modifier.py:84: Searching for optional ST18 footprint in D:\1FIKOZ\keyboard-design\commish\stenograph\stenograph.kicad_pcb
DEBUG: board_modifier.py:89: Footprint not found
DEBUG: key_placer.py:854: Placing additional elements for SW17
DEBUG: board_modifier.py:107: Getting SW17 footprint position: (190500000, 57150000)
DEBUG: board_modifier.py:84: Searching for optional ST17 footprint in D:\1FIKOZ\keyboard-design\commish\stenograph\stenograph.kicad_pcb
DEBUG: board_modifier.py:89: Footprint not found
DEBUG: key_placer.py:854: Placing additional elements for SW16
DEBUG: board_modifier.py:107: Getting SW16 footprint position: (171450000, 57150000)
DEBUG: board_modifier.py:84: Searching for optional ST16 footprint in D:\1FIKOZ\keyboard-design\commish\stenograph\stenograph.kicad_pcb
DEBUG: board_modifier.py:89: Footprint not found
DEBUG: key_placer.py:854: Placing additional elements for SW15
DEBUG: board_modifier.py:107: Getting SW15 footprint position: (114300000, 57150000)
DEBUG: board_modifier.py:84: Searching for optional ST15 footprint in D:\1FIKOZ\keyboard-design\commish\stenograph\stenograph.kicad_pcb
DEBUG: board_modifier.py:89: Footprint not found
DEBUG: key_placer.py:854: Placing additional elements for SW14
DEBUG: board_modifier.py:107: Getting SW14 footprint position: (95250000, 57150000)
DEBUG: board_modifier.py:84: Searching for optional ST14 footprint in D:\1FIKOZ\keyboard-design\commish\stenograph\stenograph.kicad_pcb
DEBUG: board_modifier.py:89: Footprint not found
DEBUG: key_placer.py:854: Placing additional elements for SW13
DEBUG: board_modifier.py:107: Getting SW13 footprint position: (76200000, 57150000)
DEBUG: board_modifier.py:84: Searching for optional ST13 footprint in D:\1FIKOZ\keyboard-design\commish\stenograph\stenograph.kicad_pcb
DEBUG: board_modifier.py:89: Footprint not found
DEBUG: key_placer.py:854: Placing additional elements for SW12
DEBUG: board_modifier.py:107: Getting SW12 footprint position: (57150000, 57150000)
DEBUG: board_modifier.py:84: Searching for optional ST12 footprint in D:\1FIKOZ\keyboard-design\commish\stenograph\stenograph.kicad_pcb
DEBUG: board_modifier.py:89: Footprint not found
DEBUG: key_placer.py:854: Placing additional elements for SW11
DEBUG: board_modifier.py:107: Getting SW11 footprint position: (38100000, 57150000)
DEBUG: board_modifier.py:84: Searching for optional ST11 footprint in D:\1FIKOZ\keyboard-design\commish\stenograph\stenograph.kicad_pcb
DEBUG: board_modifier.py:89: Footprint not found
DEBUG: key_placer.py:854: Placing additional elements for SW10
DEBUG: board_modifier.py:107: Getting SW10 footprint position: (247650000, 38100000)
DEBUG: board_modifier.py:84: Searching for optional ST10 footprint in D:\1FIKOZ\keyboard-design\commish\stenograph\stenograph.kicad_pcb
DEBUG: board_modifier.py:89: Footprint not found
DEBUG: key_placer.py:854: Placing additional elements for SW9
DEBUG: board_modifier.py:107: Getting SW9 footprint position: (228600000, 38100000)
DEBUG: board_modifier.py:84: Searching for optional ST9 footprint in D:\1FIKOZ\keyboard-design\commish\stenograph\stenograph.kicad_pcb
DEBUG: board_modifier.py:89: Footprint not found
DEBUG: key_placer.py:854: Placing additional elements for SW8
DEBUG: board_modifier.py:107: Getting SW8 footprint position: (209550000, 38100000)
DEBUG: board_modifier.py:84: Searching for optional ST8 footprint in D:\1FIKOZ\keyboard-design\commish\stenograph\stenograph.kicad_pcb
DEBUG: board_modifier.py:89: Footprint not found
DEBUG: key_placer.py:854: Placing additional elements for SW7
DEBUG: board_modifier.py:107: Getting SW7 footprint position: (190500000, 38100000)
DEBUG: board_modifier.py:84: Searching for optional ST7 footprint in D:\1FIKOZ\keyboard-design\commish\stenograph\stenograph.kicad_pcb
DEBUG: board_modifier.py:89: Footprint not found
DEBUG: key_placer.py:854: Placing additional elements for SW6
DEBUG: board_modifier.py:107: Getting SW6 footprint position: (171450000, 38100000)
DEBUG: board_modifier.py:84: Searching for optional ST6 footprint in D:\1FIKOZ\keyboard-design\commish\stenograph\stenograph.kicad_pcb
DEBUG: board_modifier.py:89: Footprint not found
DEBUG: key_placer.py:854: Placing additional elements for SW5
DEBUG: board_modifier.py:107: Getting SW5 footprint position: (114300000, 38100000)
DEBUG: board_modifier.py:84: Searching for optional ST5 footprint in D:\1FIKOZ\keyboard-design\commish\stenograph\stenograph.kicad_pcb
DEBUG: board_modifier.py:89: Footprint not found
DEBUG: key_placer.py:854: Placing additional elements for SW4
DEBUG: board_modifier.py:107: Getting SW4 footprint position: (95250000, 38100000)
DEBUG: board_modifier.py:84: Searching for optional ST4 footprint in D:\1FIKOZ\keyboard-design\commish\stenograph\stenograph.kicad_pcb
DEBUG: board_modifier.py:89: Footprint not found
DEBUG: key_placer.py:854: Placing additional elements for SW3
DEBUG: board_modifier.py:107: Getting SW3 footprint position: (76200000, 38100000)
DEBUG: board_modifier.py:84: Searching for optional ST3 footprint in D:\1FIKOZ\keyboard-design\commish\stenograph\stenograph.kicad_pcb
DEBUG: board_modifier.py:89: Footprint not found
DEBUG: key_placer.py:854: Placing additional elements for SW2
DEBUG: board_modifier.py:107: Getting SW2 footprint position: (57150000, 38100000)
DEBUG: board_modifier.py:84: Searching for optional ST2 footprint in D:\1FIKOZ\keyboard-design\commish\stenograph\stenograph.kicad_pcb
DEBUG: board_modifier.py:89: Footprint not found
DEBUG: key_placer.py:854: Placing additional elements for SW1
DEBUG: board_modifier.py:107: Getting SW1 footprint position: (38100000, 38100000)
DEBUG: board_modifier.py:84: Searching for optional ST1 footprint in D:\1FIKOZ\keyboard-design\commish\stenograph\stenograph.kicad_pcb
DEBUG: board_modifier.py:89: Footprint not found
